WARNING: Position member of the Estonian Riigikogu (Q21100241) not in boundary associated_wikidata_positions
WARNING: Position Prime Minister of Estonia (Q737115) not in boundary associated_wikidata_positions
WARNING: the district Estonia (Q191) wasn't found in the boundary data for position Prime Minister of Estonia (Q737115)
WARNING: the district Estonia (Q191) wasn't found in the boundary data for position Prime Minister of Estonia (Q737115)
